// Jest Snapshot v1, https://goo.gl/fbAQLP

exports[`MerchantTheme should render the merchant theme 1`] = `
<ThemeProvider
  theme={
    Object {
      "Heading": Object {
        "default": Object {
          "color": "mockValue",
          "fontFamily": "mockValue",
          "fontSize": "mockValue",
          "fontWeight": "mockValue",
          "lineHeight": "mockValue",
          "textTransform": "mockValue",
        },
        "hierarchy": Object {
          "hierarchy1": Object {
            "color": "mockValue",
            "fontFamily": "mockValue",
            "fontSize": "mockValue",
            "fontWeight": "mockValue",
            "lineHeight": "mockValue",
            "textTransform": "mockValue",
          },
          "hierarchy2": Object {
            "color": "mockValue",
            "fontFamily": "mockValue",
            "fontSize": "mockValue",
            "fontWeight": "mockValue",
            "lineHeight": "mockValue",
            "textTransform": "mockValue",
          },
          "hierarchy3": Object {
            "color": "mockValue",
            "fontFamily": "mockValue",
            "fontSize": "mockValue",
            "fontWeight": "mockValue",
            "lineHeight": "mockValue",
            "textTransform": "mockValue",
          },
          "hierarchy4": Object {
            "color": "mockValue",
            "fontFamily": "mockValue",
            "fontSize": "mockValue",
            "fontWeight": "mockValue",
            "lineHeight": "mockValue",
            "textTransform": "mockValue",
          },
          "hierarchy5": Object {
            "color": "mockValue",
            "fontFamily": "mockValue",
            "fontSize": "mockValue",
            "fontWeight": "mockValue",
            "lineHeight": "mockValue",
            "textTransform": "mockValue",
          },
          "hierarchy6": Object {
            "color": "mockValue",
            "fontFamily": "mockValue",
            "fontSize": "mockValue",
            "fontWeight": "mockValue",
            "lineHeight": "mockValue",
            "textTransform": "mockValue",
          },
        },
      },
    }
  }
/>
`;
