// Jest Snapshot v1, https://goo.gl/fbAQLP

exports[`MerchantTheme should render the merchant theme 1`] = `
<ThemeProvider
  theme={
    Object {
      "Heading": Object {
        "hierarchy1": Object {
          "color": "mockValue",
          "fontFamily": "mockValue",
          "fontSize": "mockValue",
          "fontWeight": Object {
            "default": "mockValue",
            "light": "mockValue",
          },
          "lineHeight": "mockValue",
        },
        "hierarchy2": Object {
          "color": "mockValue",
          "fontFamily": "mockValue",
          "fontSize": "mockValue",
          "fontWeight": Object {
            "default": "mockValue",
            "light": "mockValue",
          },
          "lineHeight": "mockValue",
        },
        "hierarchy3": Object {
          "color": "mockValue",
          "fontFamily": "mockValue",
          "fontSize": "mockValue",
          "fontWeight": Object {
            "default": "mockValue",
            "light": "mockValue",
          },
          "lineHeight": "mockValue",
        },
        "hierarchy4": Object {
          "color": "mockValue",
          "fontFamily": "mockValue",
          "fontSize": "mockValue",
          "fontWeight": Object {
            "default": "mockValue",
            "light": "mockValue",
          },
          "lineHeight": "mockValue",
        },
        "hierarchy5": Object {
          "color": "mockValue",
          "fontFamily": "mockValue",
          "fontSize": "mockValue",
          "fontWeight": Object {
            "default": "mockValue",
            "light": "mockValue",
          },
          "lineHeight": "mockValue",
        },
        "hierarchy6": Object {
          "color": "mockValue",
          "fontFamily": "mockValue",
          "fontSize": "mockValue",
          "fontWeight": Object {
            "default": "mockValue",
            "light": "mockValue",
          },
          "lineHeight": "mockValue",
        },
      },
    }
  }
/>
`;
