// Jest Snapshot v1, https://goo.gl/fbAQLP

exports[`Modal should be possible to close the modal view 1`] = `
.c0 {
  -webkit-transition: opacity 100ms;
  transition: opacity 100ms;
  background: rgba(0,0,0,0.3);
  position: fixed;
  height: 100%;
  width: 100%;
  top: 0;
  left: 0;
  box-sizing: border-box;
  display: -webkit-box;
  display: -webkit-flex;
  display: -ms-flexbox;
  display: flex;
  -webkit-box-pack: center;
  -webkit-justify-content: center;
  -ms-flex-pack: center;
  justify-content: center;
  -webkit-align-items: center;
  -webkit-box-align: center;
  -ms-flex-align: center;
  align-items: center;
  opacity: 1;
}

<div
  className="c0"
  onClick={[Function]}
>
  <TransitionAnimation
    animation="zoom"
    key="0"
    show={true}
  >
    <mockConstructor
      breakpoints={
        Object {
          "large": 1200,
          "medium": 320,
          "small": 0,
        }
      }
    />
  </TransitionAnimation>
</div>
`;
