// Jest Snapshot v1, https://goo.gl/fbAQLP

exports[`Option should render 1`] = `
.c1 {
  box-sizing: border-box;
  display: -webkit-box;
  display: -webkit-flex;
  display: -ms-flexbox;
  display: flex;
  padding: 6px 18px 6px 18px;
  -webkit-box-flex: 0;
  -webkit-flex-grow: 0;
  -ms-flex-positive: 0;
  flex-grow: 0;
  -webkit-flex-shrink: 1;
  -ms-flex-negative: 1;
  flex-shrink: 1;
  -webkit-flex-basis: auto;
  -ms-flex-preferred-size: auto;
  flex-basis: auto;
  -webkit-order: 0;
  -ms-flex-order: 0;
  order: 0;
}

.c2 {
  box-sizing: border-box;
  display: -webkit-inline-box;
  display: -webkit-inline-flex;
  display: -ms-inline-flexbox;
  display: inline-flex;
  -webkit-align-items: center;
  -webkit-box-align: center;
  -ms-flex-align: center;
  align-items: center;
  padding: 6px 18px 6px 18px;
  -webkit-box-flex: 0;
  -webkit-flex-grow: 0;
  -ms-flex-positive: 0;
  flex-grow: 0;
  -webkit-flex-shrink: 1;
  -ms-flex-negative: 1;
  flex-shrink: 1;
  -webkit-flex-basis: auto;
  -ms-flex-preferred-size: auto;
  flex-basis: auto;
  -webkit-order: 0;
  -ms-flex-order: 0;
  order: 0;
}

.c3 {
  box-sizing: border-box;
  display: -webkit-inline-box;
  display: -webkit-inline-flex;
  display: -ms-inline-flexbox;
  display: inline-flex;
  margin: 0px 6px 0px 0px;
  -webkit-box-flex: 0;
  -webkit-flex-grow: 0;
  -ms-flex-positive: 0;
  flex-grow: 0;
  -webkit-flex-shrink: 1;
  -ms-flex-negative: 1;
  flex-shrink: 1;
  -webkit-flex-basis: auto;
  -ms-flex-preferred-size: auto;
  flex-basis: auto;
  -webkit-order: 0;
  -ms-flex-order: 0;
  order: 0;
}

.c0 {
  cursor: pointer;
}

.c4 {
  color: #88979d;
  font-family: Source Sans Pro,sans-serif;
  font-size: 14px;
  font-weight: 400;
  line-height: 1.5;
  margin: 0;
  -webkit-font-smoothing: antialiased;
  -moz-osx-font-smoothing: grayscale;
  -webkit-flex: 1;
  -ms-flex: 1;
  flex: 1;
}

.c6 {
  color: #88979d;
  font-family: Source Sans Pro,sans-serif;
  font-size: 14px;
  font-weight: 400;
  line-height: 1.5;
  margin: 0;
  -webkit-font-smoothing: antialiased;
  -moz-osx-font-smoothing: grayscale;
  -webkit-flex: 1;
  -ms-flex: 1;
  flex: 1;
}

.c5 {
  display: inline-block;
  position: relative;
  vertical-align: middle;
  height: 12px;
  width: 12px;
}

.c5 svg {
  position: absolute;
  left: 50%;
  top: 50%;
  -webkit-transform: translate(-50%,-50%);
  -ms-transform: translate(-50%,-50%);
  transform: translate(-50%,-50%);
  width: 100%;
  max-height: 100%;
  max-width: 100%;
  fill: currentColor;
}

<Option
  isSelected={true}
  isTargeted={false}
  label="test"
  onClick={[Function]}
  onMouseEnter={[Function]}
>
  <styled.div
    isTargeted={false}
    onClick={[Function]}
    onMouseEnter={[Function]}
  >
    <div
      className="c0"
      onClick={[Function]}
      onMouseEnter={[Function]}
    >
      <Box
        padding={
          Object {
            "bottom": "6px",
            "left": "18px",
            "right": "18px",
            "top": "6px",
          }
        }
      >
        <styled.div
          padding={
            Object {
              "bottom": "6px",
              "left": "18px",
              "right": "18px",
              "top": "6px",
            }
          }
        >
          <div
            className="c1"
          >
            <Box
              alignItems="center"
              inline={true}
              padding={
                Object {
                  "bottom": "6px",
                  "left": "18px",
                  "right": "18px",
                  "top": "6px",
                }
              }
            >
              <styled.span
                alignItems="center"
                inline={true}
                padding={
                  Object {
                    "bottom": "6px",
                    "left": "18px",
                    "right": "18px",
                    "top": "6px",
                  }
                }
              >
                <span
                  className="c2"
                >
                  <Box
                    inline={true}
                    margin={
                      Object {
                        "bottom": "0px",
                        "left": "0px",
                        "right": "6px",
                        "top": "0px",
                      }
                    }
                  >
                    <styled.span
                      inline={true}
                      margin={
                        Object {
                          "bottom": "0px",
                          "left": "0px",
                          "right": "6px",
                          "top": "0px",
                        }
                      }
                    >
                      <span
                        className="c3"
                      >
                        <Text
                          descriptive={true}
                        >
                          <styled.p
                            descriptive={true}
                          >
                            <p
                              className="c4"
                            >
                              <Icon
                                icon="checkmark"
                                size="small"
                              >
                                <styled.span
                                  aria-hidden={true}
                                  dangerouslySetInnerHTML={
                                    Object {
                                      "__html": "test-file-stub",
                                    }
                                  }
                                  elementSize="small"
                                  role="img"
                                >
                                  <span
                                    aria-hidden={true}
                                    className="c5"
                                    dangerouslySetInnerHTML={
                                      Object {
                                        "__html": "test-file-stub",
                                      }
                                    }
                                    role="img"
                                  />
                                </styled.span>
                              </Icon>
                            </p>
                          </styled.p>
                        </Text>
                      </span>
                    </styled.span>
                  </Box>
                  <Text
                    descriptive={true}
                    inline={true}
                  >
                    <styled.span
                      descriptive={true}
                    >
                      <span
                        className="c6"
                      >
                        test
                      </span>
                    </styled.span>
                  </Text>
                </span>
              </styled.span>
            </Box>
          </div>
        </styled.div>
      </Box>
    </div>
  </styled.div>
</Option>
`;
