// Jest Snapshot v1, https://goo.gl/fbAQLP

exports[`Text should render text with default styling 1`] = `
.c0 {
  color: #333740;
  font-family: Source Sans Pro,sans-serif;
  font-size: 15px;
  font-weight: 300;
  line-height: 21px;
  margin: 0;
  -webkit-font-smoothing: antialiased;
  -moz-osx-font-smoothing: grayscale;
}

<p
  className="c0"
>
  Default text
</p>
`;
