// Jest Snapshot v1, https://goo.gl/fbAQLP

exports[`Text should render text with default styling 1`] = `
.c0 {
  color: #333740;
  font-family: Source Sans Pro,sans-serif;
  font-size: 14px;
  font-weight: 400;
  line-height: 1.5;
  margin: 0;
  -webkit-font-smoothing: antialiased;
  -moz-osx-font-smoothing: grayscale;
  -webkit-flex: 1;
  -ms-flex: 1;
  flex: 1;
}

<p
  className="c0"
>
  Default text
</p>
`;
