// Jest Snapshot v1, https://goo.gl/fbAQLP

exports[`Text should render text with default styling 1`] = `
.c0 {
  color: #333740;
  font-family: Source Sans Pro,sans-serif;
  font-size: 14px;
  font-weight: 400;
  line-height: 1.5;
  text-align: margin:0;
}

<p
  className="c0"
>
  Default text
</p>
`;
