// Jest Snapshot v1, https://goo.gl/fbAQLP

exports[`Heading should render a Heading component with default styling 1`] = `
.c0 {
  color: #333740;
  font-family: Melbourne,sans-serif;
  font-size: 36px;
  font-weight: 700;
  line-height: 45px;
  margin: 0;
  -webkit-font-smoothing: antialiased;
  -moz-osx-font-smoothing: grayscale;
}

<div
  className="c0"
  role="heading"
/>
`;
