// Jest Snapshot v1, https://goo.gl/fbAQLP

exports[`ErrorBoundary should catch an error and report it 1`] = `
<div
  className="dRYoQS"
>
  <div
    className="fLxzVU"
  >
    <div
      className="gJbmkn"
    >
      <span
        aria-hidden={true}
        className="gNuGIk"
        dangerouslySetInnerHTML={
          Object {
            "__html": "test-file-stub",
          }
        }
        role="img"
      />
    </div>
    This has an error
  </div>
</div>
`;
